// Jest Snapshot v1, https://goo.gl/fbAQLP

exports[`Pruebas en el About view Debe renderizarse el componente correctamente 1`] = `
<div class="about">
  <h1>This is an about page :D</h1>
</div>
`;
